// Jest Snapshot v1, https://goo.gl/fbAQLP

exports[`Header renders correctly 1`] = `
<WithStyles(ForwardRef(Paper))
  variant="outlined"
>
  <WithStyles(ForwardRef(Typography))
    variant="h1"
  >
    Clicky Game!
  </WithStyles(ForwardRef(Typography))>
  <WithStyles(ForwardRef(Typography))
    variant="h6"
  >
    Click on an image to earn points, but don't click on any more than once!
  </WithStyles(ForwardRef(Typography))>
</WithStyles(ForwardRef(Paper))>
`;
